gpm-primary-000 battery-000 battery_empty gpm-battery-000 gpm-ups-000 gmp-ups-missing notification-battery-000 notification-battery-empty notification-gpm-battery-000 notification-gpm-battery-empty notification-gpm-ups-000 xfpm-primary-000 xfm-battery-000 battery-empty-symbolic
gpm-primary-000-charging gpm-battery-000-charging gpm-ups-000-charging notification-battery-000-plugged notification-gpm-battery-000-charging notification-gpm-ups-000-charging xfpm-primary-000-charging xfpm-battery-000-charging 
gpm-primary-020 battery_caution gpm-battery-020 gpm-ups-020 notification-battery-020 notification-battery-low notification-gpm-battery-020 notification-gpm-ups-020 xfpm-primary-020 xfpm-battery-020 battery-caution-symbolic
gpm-primary-020-charging gpm-battery-020-charging gpm-ups-020-charging notification-battery-020-plugged notification-gpm-battery-020-charging notification-gpm-ups-020-charging xfpm-primary-020-charging xfpm-battery-020-charging battery-caution-charging-symbolic
gpm-primary-040 battery_low gpm-battery-040 gpm-ups-040 notification-battery-040 notification-gpm-battery-040 notification-gpm-ups-040 xfpm-primary-040 xfpm-battery-040 battery-low-symbolic
gpm-primary-040-charging gpm-battery-040-charging gpm-ups-040-charging notification-battery-040-plugged notification-gpm-battery-040-charging notification-gpm-ups-040-charging xfpm-primary-040-charging xfpm-battery-040-charging battery-low-charging-symbolic
gpm-primary-060 battery_two_thirds gpm-battery-060 gpm-ups-060 notification-battery-060 notification-gpm-battery-060 notification-gpm-ups-060 xfpm-primary-060 xfpm-battery-060 battery-good-symbolic
gpm-primary-060-charging gpm-battery-060-charging gpm-ups-060-charging notification-battery-060-plugged notification-gpm-battery-060-charging notification-gpm-ups-060-charging xfpm-primary-060-charging xfpm-battery-060-charging battery-good-charging-symbolic
gpm-primary-080 battery_third_fouth gpm-battery-080 gpm-ups-080 notification-battery-080 notification-gpm-battery-080 notification-gpm-ups-080 xfpm-primary-080 xfpm-battery-080
gpm-primary-080-charging gpm-battery-080-charging gpm-ups-080-charging notification-battery-080-plugged notification-gpm-battery-080-charging notification-gpm-ups-080-charging xfpm-primary-080-charging xfpm-battery-080-charging
gpm-primary-100 battery_full gpm-battery-100 gpm-ups-100 notification-battery-100 notification-gpm-battery-100 notification-gpm-ups-100 xfpm-primary-100 xfpm-battery-100 battery-full-symbolic
gpm-primary-100-charging gpm-battery-100-charging gpm-ups-100-charging notification-battery-100-plugged notification-gpm-battery-100-charging notification-gpm-ups-100-charging xfpm-primary-100-charging xfpm-battery-100-charging battery-full-charging-symbolic
gpm-primary-charged battery_charged battery_plugged gpm-ac-adapter gpm-battery-charged notification-gpm-battery-charged xfpm-primary-charged
